******************************************************************************
                  TI ARM Linker PC v20.2.7                     
******************************************************************************
>> Linked Mon Sep 12 14:41:06 2022

OUTPUT FILE NAME:   <uartecho_MSP_EXP432E401Y_nortos_ccs.out>
ENTRY POINT SYMBOL: "resetISR"  address: 00004719


MEMORY CONFIGURATION

         name            origin    length      used     unused   attr    fill
----------------------  --------  ---------  --------  --------  ----  --------
  FLASH                 00000000   00100000  0000534c  000facb4  R  X
  SRAM                  20000000   00040000  000097a8  00036858  RW X


SEGMENT ALLOCATION MAP

run origin  load origin   length   init length attrs members
----------  ----------- ---------- ----------- ----- -------
00000000    00000000    00005350   00005350    r-x
  00000000    00000000    00000200   00000200    r-- .intvecs
  00000200    00000200    00004a2c   00004a2c    r-x .text
  00004c2c    00004c2c    000005e8   000005e8    r-- .const
  00005218    00005218    00000138   00000138    r-- .cinit
20000000    20000000    000087ac   00000000    rw-
  20000000    20000000    0000026c   00000000    rw- .vtable
  20000270    20000270    00008000   00000000    rw- .sysmem
  20008270    20008270    00000410   00000000    rw- .data
  20008680    20008680    0000012c   00000000    rw- .bss
2003f000    2003f000    00001000   00000000    rw-
  2003f000    2003f000    00001000   00000000    rw- .stack


SECTION ALLOCATION MAP

 output                                  attributes/
section   page    origin      length       input sections
--------  ----  ----------  ----------   ----------------
.intvecs   0    00000000    00000200     
                  00000000    00000200     nortos_msp432e4.aem4f : startup_msp432e4_ccs.oem4f (.intvecs:retain)

.text      0    00000200    00004a2c     
                  00000200    00000a4e     rtsv7M4_T_le_v4SPD16_eabi.lib : _printfi.c.obj (.text:__TI_printfi)
                  00000c4e    00000002     ti_drivers_config.obj (.text:Board_initHook)
                  00000c50    000002f0     drivers_msp432e4.aem4f : UARTMSP432E4.oem4f (.text:UARTMSP432E4_open)
                  00000f40    000002e0     msp432e4_driverlib.a : sysctl.o (.text:SysCtlClockFreqSet)
                  00001220    00000270     rtsv7M4_T_le_v4SPD16_eabi.lib : _printfi.c.obj (.text:_pconv_a)
                  00001490    0000023a     msp432e4_driverlib.a : gpio.o (.text:GPIOPadConfigSet)
                  000016ca    00000002     drivers_msp432e4.aem4f : UARTMSP432E4.oem4f (.text:UARTMSP432E4_init)
                  000016cc    000001d0     rtsv7M4_T_le_v4SPD16_eabi.lib : _printfi.c.obj (.text:_pconv_g)
                  0000189c    000001b6                                   : fd_add_t2.asm.obj (.text)
                  00001a52    00000002     msp432e4_driverlib.a : interrupt.o (.text:_IntDefaultHandler)
                  00001a54    00000184     drivers_msp432e4.aem4f : GPIOMSP432E4.oem4f (.text:GPIO_setConfig)
                  00001bd8    0000013c     rtsv7M4_T_le_v4SPD16_eabi.lib : _printfi.c.obj (.text:_pconv_e)
                  00001d14    00000136                                   : fd_div_t2.asm.obj (.text)
                  00001e4a    00000002                                   : _lock.c.obj (.text:_nop)
                  00001e4c    00000124                                   : _printfi.c.obj (.text:fcvt)
                  00001f70    00000110                                   : s_scalbn.c.obj (.text:scalbn)
                  00002080    00000104     uartecho.obj (.text:mainThread)
                  00002184    00000100     rtsv7M4_T_le_v4SPD16_eabi.lib : memory.c.obj (.text:aligned_alloc)
                  00002284    000000fc                                   : fd_mul_t2.asm.obj (.text)
                  00002380    000000e4                                   : memory.c.obj (.text:free)
                  00002464    000000be     drivers_msp432e4.aem4f : UARTMSP432E4.oem4f (.text:UARTMSP432E4_close)
                  00002522    000000b6                            : UARTMSP432E4.oem4f (.text:readTaskCallback)
                  000025d8    000000b2     uartecho.obj (.text:printHelp)
                  0000268a    00000002     nortos_msp432e4.aem4f : startup_msp432e4_ccs.oem4f (.text:busFaultHandler)
                  0000268c    000000b1     rtsv7M4_T_le_v4SPD16_eabi.lib : _printfi.c.obj (.text:_ltostr)
                  0000273d    00000001     --HOLE-- [fill = 0]
                  0000273e    000000b0     drivers_msp432e4.aem4f : UARTMSP432E4.oem4f (.text:readTaskBlocking)
                  000027ee    00000002     nortos_msp432e4.aem4f : SemaphoreP_nortos.oem4f (.text:clkFxn)
                  000027f0    000000ac     drivers_msp432e4.aem4f : GPIOMSP432E4.oem4f (.text:GPIO_init)
                  0000289c    000000a4     msp432e4_driverlib.a : gpio.o (.text:GPIOIntTypeSet)
                  00002940    000000a0     nortos_msp432e4.aem4f : SemaphoreP_nortos.oem4f (.text:SemaphoreP_pend)
                  000029e0    0000009e     drivers_msp432e4.aem4f : UARTMSP432E4.oem4f (.text:UARTMSP432E4_readPolling)
                  00002a7e    0000009c     rtsv7M4_T_le_v4SPD16_eabi.lib : memcpy_t2.asm.obj (.text)
                  00002b1a    00000098     drivers_msp432e4.aem4f : UARTMSP432E4.oem4f (.text:UARTMSP432E4_write)
                  00002bb2    00000096     rtsv7M4_T_le_v4SPD16_eabi.lib : ull_div_t2.asm.obj (.text)
                  00002c48    00000094     drivers_msp432e4.aem4f : UARTMSP432E4.oem4f (.text:readIsrTextBlocking)
                  00002cdc    00000090                            : UARTMSP432E4.oem4f (.text:UARTMSP432E4_control)
                  00002d6c    00000090     msp432e4_driverlib.a : sysctl.o (.text:_SysCtlFrequencyGet)
                  00002dfc    00000088     drivers_msp432e4.aem4f : UARTMSP432E4.oem4f (.text:readIsrTextCallback)
                  00002e84    00000086     rtsv7M4_T_le_v4SPD16_eabi.lib : fd_cmp_t2.asm.obj (.text:__aeabi_cdcmple)
                  00002f0a    00000086                                   : fd_cmp_t2.asm.obj (.text:__aeabi_cdrcmple)
                  00002f90    00000080     msp432e4_driverlib.a : interrupt.o (.text:IntDisable)
                  00003010    00000080                          : interrupt.o (.text:IntEnable)
                  00003090    00000080     uartecho.obj (.text:printAbout)
                  00003110    0000007c     drivers_msp432e4.aem4f : UARTMSP432E4.oem4f (.text:writeData)
                  0000318c    0000007a     rtsv7M4_T_le_v4SPD16_eabi.lib : memset_t2.asm.obj (.text)
                  00003206    00000076     msp432e4_driverlib.a : uart.o (.text:UARTConfigSetExpClk)
                  0000327c    00000070     nortos_msp432e4.aem4f : HwiPMSP432E4_nortos.oem4f (.text:HwiP_construct)
                  000032ec    00000070     rtsv7M4_T_le_v4SPD16_eabi.lib : memory.c.obj (.text:split)
                  0000335c    0000006e                                   : _printfi.c.obj (.text:_mcpy)
                  000033ca    00000002     nortos_msp432e4.aem4f : startup_msp432e4_ccs.oem4f (.text:defaultHandler)
                  000033cc    0000006c     drivers_msp432e4.aem4f : PowerMSP432E4.oem4f (.text:Power_releaseDependency)
                  00003438    00000068                            : GPIOMSP432E4.oem4f (.text:GPIO_hwiIntFxn)
                  000034a0    00000068                            : PowerMSP432E4.oem4f (.text:Power_setDependency)
                  00003508    00000068     rtsv7M4_T_le_v4SPD16_eabi.lib : copy_decompress_lzss.c.obj (.text:decompress:lzss:__TI_decompress_lzss)
                  00003570    00000068     drivers_msp432e4.aem4f : UARTMSP432E4.oem4f (.text:readIsrBinaryBlocking)
                  000035d8    00000067     uartecho.obj (.text:check_command)
                  0000363f    00000001     --HOLE-- [fill = 0]
                  00003640    00000064     drivers_msp432e4.aem4f : PowerMSP432E4.oem4f (.text:Power_init)
                  000036a4    00000064     rtsv7M4_T_le_v4SPD16_eabi.lib : s_frexp.c.obj (.text:frexp)
                  00003708    00000064     drivers_msp432e4.aem4f : UARTMSP432E4.oem4f (.text:readIsrBinaryCallback)
                  0000376c    0000005c     msp432e4_driverlib.a : gpio.o (.text:GPIODirModeSet)
                  000037c8    0000005c                          : interrupt.o (.text:IntRegister)
                  00003824    0000005c     drivers_msp432e4.aem4f : UARTMSP432E4.oem4f (.text:getPowerResourceId)
                  00003880    0000005a     uartecho.obj (.text:printString)
                  000038da    00000002     nortos_msp432e4.aem4f : startup_msp432e4_ccs.oem4f (.text:faultISR)
                  000038dc    00000058     drivers_msp432e4.aem4f : GPIOMSP432E4.oem4f (.text:GPIO_setCallback)
                  00003934    00000058     nortos_msp432e4.aem4f : ClockPSysTick_nortos.oem4f (.text:sysTickInit)
                  0000398c    00000056     rtsv7M4_T_le_v4SPD16_eabi.lib : _printfi.c.obj (.text:_pconv_f)
                  000039e2    00000002     nortos_msp432e4.aem4f : startup_msp432e4_ccs.oem4f (.text:nmiISR)
                  000039e4    00000054     drivers_msp432e4.aem4f : GPIOMSP432E4.oem4f (.text:GPIO_write)
                  00003a38    00000054     msp432e4_driverlib.a : interrupt.o (.text:IntPrioritySet)
                  00003a8c    00000054     rtsv7M4_T_le_v4SPD16_eabi.lib : _ltoa.c.obj (.text:__TI_ltoa)
                  00003ae0    00000052                                   : _printfi.c.obj (.text:_ecpy)
                  00003b32    00000002                                   : div0.asm.obj (.text)
                  00003b34    00000050     nortos_msp432e4.aem4f : ClockPSysTick_nortos.oem4f (.text:ClockP_sysTickHandler)
                  00003b84    00000050                           : SemaphoreP_nortos.oem4f (.text:SemaphoreP_construct)
                  00003bd4    00000050     drivers_msp432e4.aem4f : UARTMSP432E4.oem4f (.text:UARTMSP432E4_hwiIntFxn)
                  00003c24    0000004c                            : UARTMSP432E4.oem4f (.text:UARTMSP432E4_writePolling)
                  00003c70    0000004c     rtsv7M4_T_le_v4SPD16_eabi.lib : atoi.c.obj (.text:atoi)
                  00003cbc    0000004c     drivers_msp432e4.aem4f : UARTMSP432E4.oem4f (.text:ringBufGet)
                  00003d08    00000048                            : UARTMSP432E4.oem4f (.text:UARTMSP432E4_writeCancel)
                  00003d50    00000048     rtsv7M4_T_le_v4SPD16_eabi.lib : fd_toi_t2.asm.obj (.text)
                  00003d98    00000046     drivers_msp432e4.aem4f : RingBuf.oem4f (.text:RingBuf_put)
                  00003dde    00000002     --HOLE-- [fill = 0]
                  00003de0    00000044     nortos_msp432e4.aem4f : ClockPSysTick_nortos.oem4f (.text:ClockP_stop)
                  00003e24    00000044     msp432e4_driverlib.a : gpio.o (.text:GPIOPinConfigure)
                  00003e68    00000044     nortos_msp432e4.aem4f : SemaphoreP_nortos.oem4f (.text:SemaphoreP_post)
                  00003eac    00000044     msp432e4_driverlib.a : sysctl.o (.text:SysCtlPeripheralPresent)
                  00003ef0    00000044                          : sysctl.o (.text:SysCtlPeripheralReady)
                  00003f34    00000044     drivers_msp432e4.aem4f : UART.oem4f (.text:UART_init)
                  00003f78    00000044     msp432e4_driverlib.a : sysctl.o (.text:_SysCtlMemTimingGet)
                  00003fbc    00000044     rtsv7M4_T_le_v4SPD16_eabi.lib : autoinit.c.obj (.text:__TI_auto_init_nobinit_nopinit:__TI_auto_init_nobinit_nopinit)
                  00004000    00000040     nortos_msp432e4.aem4f : ClockPSysTick_nortos.oem4f (.text:ClockP_construct)
                  00004040    00000040     drivers_msp432e4.aem4f : RingBuf.oem4f (.text:RingBuf_get)
                  00004080    00000040     msp432e4_driverlib.a : sysctl.o (.text:SysCtlPeripheralDisable)
                  000040c0    00000040                          : sysctl.o (.text:SysCtlPeripheralEnable)
                  00004100    00000040                          : sysctl.o (.text:SysCtlPeripheralPowerOff)
                  00004140    00000040                          : sysctl.o (.text:SysCtlPeripheralPowerOn)
                  00004180    00000040                          : sysctl.o (.text:SysCtlPeripheralSleepDisable)
                  000041c0    00000040                          : sysctl.o (.text:SysCtlPeripheralSleepEnable)
                  00004200    00000040     drivers_msp432e4.aem4f : UARTMSP432E4.oem4f (.text:UARTMSP432E4_read)
                  00004240    00000040                            : UART.oem4f (.text:UART_open)
                  00004280    00000040     rtsv7M4_T_le_v4SPD16_eabi.lib : sprintf.c.obj (.text:sprintf)
                  000042c0    0000003e                                   : _printfi.c.obj (.text:_fcpy)
                  000042fe    00000002     --HOLE-- [fill = 0]
                  00004300    0000003c     nortos_msp432e4.aem4f : ClockPSysTick_nortos.oem4f (.text:ClockP_destruct)
                  0000433c    00000038                           : ClockPSysTick_nortos.oem4f (.text:addToList)
                  00004374    00000036     drivers_msp432e4.aem4f : UARTMSP432E4.oem4f (.text:UARTMSP432E4_readCancel)
                  000043aa    00000002     --HOLE-- [fill = 0]
                  000043ac    00000034     nortos_msp432e4.aem4f : ClockPSysTick_nortos.oem4f (.text:ClockP_startup)
                  000043e0    00000034     rtsv7M4_T_le_v4SPD16_eabi.lib : boot_cortex_m.c.obj (.text:_c_int00_noargs:_c_int00_noargs)
                  00004414    00000034                                   : strstr.c.obj (.text:strstr)
                  00004448    00000030     ti_drivers_config.obj (.text:Board_init)
                  00004478    00000030     nortos_msp432e4.aem4f : ClockPSysTick_nortos.oem4f (.text:ClockP_start)
                  000044a8    00000030     drivers_msp432e4.aem4f : GPIOMSP432E4.oem4f (.text:GPIOMSP432E4_undoPinConfig)
                  000044d8    00000030     msp432e4_driverlib.a : uart.o (.text:UARTDisable)
                  00004508    0000002e     rtsv7M4_T_le_v4SPD16_eabi.lib : i_tofd_t2.asm.obj (.text)
                  00004536    00000002     --HOLE-- [fill = 0]
                  00004538    0000002c     msp432e4_driverlib.a : sysctl.o (.text:SysCtlPeripheralClockGating)
                  00004564    0000002a     nortos_msp432e4.aem4f : HwiPMSP432E4_nortos.oem4f (.text:HwiP_create)
                  0000458e    00000002     --HOLE-- [fill = 0]
                  00004590    00000028     rtsv7M4_T_le_v4SPD16_eabi.lib : memory.c.obj (.text:free_list_insert)
                  000045b8    00000026     uartecho.obj (.text:append)
                  000045de    00000024     msp432e4_driverlib.a : gpio.o (.text:GPIOPinTypeUART)
                  00004602    00000002     --HOLE-- [fill = 0]
                  00004604    00000024     nortos_msp432e4.aem4f : HwiPMSP432E4_nortos.oem4f (.text:HwiP_dispatch)
                  00004628    00000024     msp432e4_driverlib.a : uart.o (.text:UARTCharPutNonBlocking)
                  0000464c    00000024                          : uart.o (.text:UARTEnable)
                  00004670    00000024     uartecho.obj (.text:setParams)
                  00004694    00000022     msp432e4_driverlib.a : gpio.o (.text:GPIOIntStatus)
                  000046b6    00000020                          : gpio.o (.text:GPIOPinWrite)
                  000046d6    00000020     drivers_msp432e4.aem4f : RingBuf.oem4f (.text:RingBuf_peek)
                  000046f6    00000020                            : GPIOMSP432E4.oem4f (.text:getGpioIntIndex)
                  00004716    00000002     --HOLE-- [fill = 0]
                  00004718    00000020     nortos_msp432e4.aem4f : startup_msp432e4_ccs.oem4f (.text:resetISR)
                  00004738    0000001e     msp432e4_driverlib.a : uart.o (.text:UARTBusy)
                  00004756    0000001e                          : uart.o (.text:UARTCharPut)
                  00004774    0000001e                          : uart.o (.text:UARTCharsAvail)
                  00004792    0000001e                          : uart.o (.text:UARTIntStatus)
                  000047b0    0000001c                          : interrupt.o (.text:IntUnregister)
                  000047cc    0000001c                          : uart.o (.text:UARTCharGetNonBlocking)
                  000047e8    0000001c                          : uart.o (.text:UARTFlowControlSet)
                  00004804    0000001c                          : uart.o (.text:UARTTxIntModeSet)
                  00004820    0000001c     rtsv7M4_T_le_v4SPD16_eabi.lib : copy_zero_init.c.obj (.text:decompress:ZI:__TI_zero_init_nomemset:__TI_zero_init_nomemset)
                  0000483c    0000001c                                   : memory.c.obj (.text:free_list_remove)
                  00004858    0000001c                                   : memccpy.c.obj (.text:memccpy)
                  00004874    0000001a     nortos_msp432e4.aem4f : ClockPSysTick_nortos.oem4f (.text:ClockP_create)
                  0000488e    0000001a                           : SemaphoreP_nortos.oem4f (.text:SemaphoreP_createBinary)
                  000048a8    0000001a     rtsv7M4_T_le_v4SPD16_eabi.lib : s_copysign.c.obj (.text:copysign)
                  000048c2    00000002     --HOLE-- [fill = 0]
                  000048c4    00000018     msp432e4_driverlib.a : fpu.o (.text:FPUEnable)
                  000048dc    00000018     drivers_msp432e4.aem4f : PowerMSP432E4.oem4f (.text:Power_idleFunc)
                  000048f4    00000018     msp432e4_driverlib.a : uart.o (.text:UARTFIFOLevelSet)
                  0000490c    00000018                          : uart.o (.text:UARTIntDisable)
                  00004924    00000018                          : uart.o (.text:UARTIntEnable)
                  0000493c    00000018     drivers_msp432e4.aem4f : UART.oem4f (.text:UART_Params_init)
                  00004954    00000018     rtsv7M4_T_le_v4SPD16_eabi.lib : sprintf.c.obj (.text:_outs)
                  0000496c    00000018                                   : strcmp.c.obj (.text:strcmp)
                  00004984    00000016     nortos_msp432e4.aem4f : SemaphoreP_nortos.oem4f (.text:SemaphoreP_create)
                  0000499a    00000016     msp432e4_driverlib.a : uart.o (.text:UARTCharGet)
                  000049b0    00000016     rtsv7M4_T_le_v4SPD16_eabi.lib : strchr.c.obj (.text:strchr)
                  000049c6    00000014     msp432e4_driverlib.a : gpio.o (.text:GPIOIntClear)
                  000049da    00000002     --HOLE-- [fill = 0]
                  000049dc    00000014     drivers_msp432e4.aem4f : GPIOMSP432E4.oem4f (.text:GPIOMSP432E4_getGpioBaseAddr)
                  000049f0    00000014                            : GPIOMSP432E4.oem4f (.text:GPIOMSP432E4_getPowerResourceId)
                  00004a04    00000014     nortos_msp432e4.aem4f : HwiPMSP432E4_nortos.oem4f (.text:HwiP_inISR)
                  00004a18    00000014     drivers_msp432e4.aem4f : PowerMSP432E4.oem4f (.text:Power_disablePolicy)
                  00004a2c    00000014     rtsv7M4_T_le_v4SPD16_eabi.lib : strcpy.c.obj (.text:strcpy)
                  00004a40    00000014                                   : strlen.c.obj (.text:strlen)
                  00004a54    00000012     nortos_msp432e4.aem4f : HwiPMSP432E4_nortos.oem4f (.text:HwiP_Params_init)
                  00004a66    00000012                           : HwiPMSP432E4_nortos.oem4f (.text:HwiP_destruct)
                  00004a78    00000012     drivers_msp432e4.aem4f : RingBuf.oem4f (.text:RingBuf_construct)
                  00004a8a    00000012     msp432e4_driverlib.a : uart.o (.text:UARTIntClear)
                  00004a9c    00000012                          : uart.o (.text:UARTRxErrorGet)
                  00004aae    00000012     main_nortos.obj (.text:main)
                  00004ac0    00000012     rtsv7M4_T_le_v4SPD16_eabi.lib : wcslen.c.obj (.text:wcslen)
                  00004ad2    00000010     nortos_msp432e4.aem4f : ClockPSysTick_nortos.oem4f (.text:ClockP_add)
                  00004ae2    00000010                           : ClockPSysTick_nortos.oem4f (.text:ClockP_delete)
                  00004af2    00000002     --HOLE-- [fill = 0]
                  00004af4    00000010                           : ClockPSysTick_nortos.oem4f (.text:ClockP_getCpuFreq)
                  00004b04    00000010                           : HwiPMSP432E4_nortos.oem4f (.text:HwiP_delete)
                  00004b14    00000010     msp432e4_driverlib.a : interrupt.o (.text:IntMasterDisable)
                  00004b24    00000010                          : interrupt.o (.text:IntMasterEnable)
                  00004b34    00000010     nortos_msp432e4.aem4f : PowerMSP432E4_nortos.oem4f (.text:PowerMSP432E4_sleepPolicy)
                  00004b44    00000010     drivers_msp432e4.aem4f : PowerMSP432E4.oem4f (.text:Power_enablePolicy)
                  00004b54    00000010     nortos_msp432e4.aem4f : SemaphoreP_nortos.oem4f (.text:SemaphoreP_Params_init)
                  00004b64    00000010     msp432e4_driverlib.a : uart.o (.text:UARTRxErrorClear)
                  00004b74    00000010     drivers_msp432e4.aem4f : UARTMSP432E4.oem4f (.text:readBlockingTimeout)
                  00004b84    0000000e                            : RingBuf.oem4f (.text:RingBuf_isFull)
                  00004b92    0000000e     rtsv7M4_T_le_v4SPD16_eabi.lib : copy_decompress_none.c.obj (.text:decompress:none:__TI_decompress_none)
                  00004ba0    0000000c     msp432e4_driverlib.a : cpu.o (.text:CPUcpsid)
                  00004bac    0000000c                          : cpu.o (.text:CPUcpsie)
                  00004bb8    0000000a     nortos_msp432e4.aem4f : ClockPSysTick_nortos.oem4f (.text:ClockP_Params_init)
                  00004bc2    0000000a                           : ClockPSysTick_nortos.oem4f (.text:ClockP_isActive)
                  00004bcc    0000000a     drivers_msp432e4.aem4f : UART.oem4f (.text:UART_read)
                  00004bd6    0000000a                            : UART.oem4f (.text:UART_write)
                  00004be0    0000000a     rtsv7M4_T_le_v4SPD16_eabi.lib : sprintf.c.obj (.text:_outc)
                  00004bea    00000008     nortos_msp432e4.aem4f : HwiPMSP432E4_nortos.oem4f (.text:HwiP_restore)
                  00004bf2    00000002     --HOLE-- [fill = 0]
                  00004bf4    00000008     rtsv7M4_T_le_v4SPD16_eabi.lib : errno.c.obj (.text:__aeabi_errno_addr)
                  00004bfc    00000008                                   : memory.c.obj (.text:malloc)
                  00004c04    00000008     drivers_msp432e4.aem4f : UARTMSP432E4.oem4f (.text:readSemCallback)
                  00004c0c    00000008                            : UARTMSP432E4.oem4f (.text:writeSemCallback)
                  00004c14    00000004     nortos_msp432e4.aem4f : ClockPSysTick_nortos.oem4f (.text:ClockP_setTimeout)
                  00004c18    00000004                           : HwiPMSP432E4_nortos.oem4f (.text:HwiP_disable)
                  00004c1c    00000004                           : HwiPMSP432E4_nortos.oem4f (.text:HwiP_enable)
                  00004c20    00000004                           : SemaphoreP_nortos.oem4f (.text:SemaphoreP_delete)
                  00004c24    00000004     rtsv7M4_T_le_v4SPD16_eabi.lib : pre_init.c.obj (.text:_system_pre_init)
                  00004c28    00000004                                   : exit.c.obj (.text:abort:abort)

.const     0    00004c2c    000005e8     
                  00004c2c    000001b0     msp432e4_driverlib.a : sysctl.o (.const:g_pppui32XTALtoVCO)
                  00004ddc    00000101     rtsv7M4_T_le_v4SPD16_eabi.lib : ctype.c.obj (.const:.string:_ctypes_)
                  00004edd    00000003     drivers_msp432e4.aem4f : GPIOMSP432E4.oem4f (.const:.string:inPinTypes)
                  00004ee0    0000009c     msp432e4_driverlib.a : interrupt.o (.const:g_pui32Regs)
                  00004f7c    00000048                          : gpio.o (.const:g_pui32GPIOBaseAddrs)
                  00004fc4    00000048     drivers_msp432e4.aem4f : GPIOMSP432E4.oem4f (.const:gpioBaseAddresses)
                  0000500c    00000048                            : GPIOMSP432E4.oem4f (.const:powerMgrIds)
                  00005054    00000030     msp432e4_driverlib.a : sysctl.o (.const:g_sXTALtoMEMTIM)
                  00005084    0000002c     ti_drivers_config.obj (.const:uartMSP432E4HWAttrs)
                  000050b0    00000028     drivers_msp432e4.aem4f : UARTMSP432E4.oem4f (.const:UARTMSP432E4_fxnTable)
                  000050d8    00000028     msp432e4_driverlib.a : sysctl.o (.const:g_pui32Xtals)
                  00005100    00000024     drivers_msp432e4.aem4f : UART.oem4f (.const:UART_defaultParams)
                  00005124    00000020                            : GPIOMSP432E4.oem4f (.const:.string:gpioInterruptVectors)
                  00005144    00000020                            : UARTMSP432E4.oem4f (.const:staticFxnTable)
                  00005164    00000016     uartecho.obj (.const:.string:$P$T0$1)
                  0000517a    00000002     --HOLE-- [fill = 0]
                  0000517c    00000014     ti_drivers_config.obj (.const:GPIOMSP432E4_config)
                  00005190    00000014     msp432e4_driverlib.a : interrupt.o (.const:g_pui32Dii16Regs)
                  000051a4    00000014                          : interrupt.o (.const:g_pui32EnRegs)
                  000051b8    00000014     drivers_msp432e4.aem4f : UARTMSP432E4.oem4f (.const:parityType)
                  000051cc    00000010                            : UARTMSP432E4.oem4f (.const:dataLength)
                  000051dc    0000000c     ti_drivers_config.obj (.const:UART_config)
                  000051e8    00000008     ti_drivers_config.obj (.const:PowerMSP432E4_config)
                  000051f0    00000008     msp432e4_driverlib.a : sysctl.o (.const:g_pui32VCOFrequencies)
                  000051f8    00000008     drivers_msp432e4.aem4f : UARTMSP432E4.oem4f (.const:stopBits)
                  00005200    00000007                            : GPIOMSP432E4.oem4f (.const:.string:outPinStrengths)
                  00005207    00000006                            : GPIOMSP432E4.oem4f (.const:.string:interruptType)
                  0000520d    00000004                            : GPIOMSP432E4.oem4f (.const:.string:outPinTypes)
                  00005211    00000003     ti_drivers_config.obj (.const)

.cinit     0    00005218    00000138     
                  00005218    000000fd     (.cinit..data.load) [load image, compression = lzss]
                  00005315    00000003     --HOLE-- [fill = 0]
                  00005318    0000000c     (__TI_handler_table)
                  00005324    00000004     --HOLE-- [fill = 0]
                  00005328    00000008     (.cinit..bss.load) [load image, compression = zero_init]
                  00005330    00000008     (.cinit..vtable.load) [load image, compression = zero_init]
                  00005338    00000018     (__TI_cinit_table)

.init_array 
*          0    00000000    00000000     UNINITIALIZED

.vtable    0    20000000    0000026c     UNINITIALIZED
                  20000000    0000026c     msp432e4_driverlib.a : interrupt.o (.vtable)

.sysmem    0    20000270    00008000     UNINITIALIZED
                  20000270    00000010     rtsv7M4_T_le_v4SPD16_eabi.lib : memory.c.obj (.sysmem)
                  20000280    00007ff0     --HOLE--

.data      0    20008270    00000410     UNINITIALIZED
                  20008270    0000026c     nortos_msp432e4.aem4f : HwiPMSP432E4_nortos.oem4f (.data:HwiP_dispatchTable)
                  200084dc    0000016c     drivers_msp432e4.aem4f : PowerMSP432E4.oem4f (.data:PowerMSP432E4_module)
                  20008648    00000008     rtsv7M4_T_le_v4SPD16_eabi.lib : _lock.c.obj (.data:$O1$$)
                  20008650    00000008                                   : memory.c.obj (.data:$O1$$)
                  20008658    00000008     nortos_msp432e4.aem4f : SemaphoreP_nortos.oem4f (.data:SemaphoreP_defaultParams)
                  20008660    00000005     drivers_msp432e4.aem4f : GPIOMSP432E4.oem4f (.data)
                  20008665    00000003     nortos_msp432e4.aem4f : SemaphoreP_nortos.oem4f (.data)
                  20008668    00000005                           : ClockPSysTick_nortos.oem4f (.data)
                  2000866d    00000001     drivers_msp432e4.aem4f : UART.oem4f (.data)
                  2000866e    00000002     --HOLE--
                  20008670    00000004     ti_drivers_config.obj (.data:gpioCallbackFunctions)
                  20008674    00000004     ti_drivers_config.obj (.data:gpioPinConfigs)
                  20008678    00000004     nortos_msp432e4.aem4f : HwiPMSP432E4_nortos.oem4f (.data)
                  2000867c    00000004     rtsv7M4_T_le_v4SPD16_eabi.lib : errno.c.obj (.data)

.bss       0    20008680    0000012c     UNINITIALIZED
                  20008680    00000090     drivers_msp432e4.aem4f : GPIOMSP432E4.oem4f (.bss:gpioCallbackInfo)
                  20008710    00000064     (.common:uartMSP432E4Objects)
                  20008774    00000020     ti_drivers_config.obj (.bss:uartMSP432E4RingBuffer0)
                  20008794    00000004     drivers_msp432e4.aem4f : GPIOMSP432E4.oem4f (.bss)
                  20008798    00000010     (.common:ClockP_ctrl)
                  200087a8    00000004     nortos_msp432e4.aem4f : ClockPSysTick_nortos.oem4f (.bss)

.stack     0    2003f000    00001000     UNINITIALIZED
                  2003f000    00000004     rtsv7M4_T_le_v4SPD16_eabi.lib : boot_cortex_m.c.obj (.stack)
                  2003f004    00000ffc     --HOLE--

__llvm_prf_cnts 
*          0    20000000    00000000     UNINITIALIZED

.binit     0    00000000    00000000     

MODULE SUMMARY

       Module                       code    ro data   rw data
       ------                       ----    -------   -------
    .\
       uartecho.obj                 833     22        0      
       main_nortos.obj              18      0         0      
    +--+----------------------------+-------+---------+---------+
       Total:                       851     22        0      
                                                             
    .\syscfg\
       ti_drivers_config.obj        50      87        140    
    +--+----------------------------+-------+---------+---------+
       Total:                       50      87        140    
                                                             
    C:/ti/simplelink_msp432e4_sdk_4_20_00_12/kernel/nortos/lib/nortos_msp432e4.aem4f
       HwiPMSP432E4_nortos.oem4f    278     0         624    
       ClockPSysTick_nortos.oem4f   614     0         25     
       startup_msp432e4_ccs.oem4f   40      512       0      
       SemaphoreP_nortos.oem4f      378     0         11     
       PowerMSP432E4_nortos.oem4f   16      0         0      
    +--+----------------------------+-------+---------+---------+
       Total:                       1326    512       660    
                                                             
    C:/ti/simplelink_msp432e4_sdk_4_20_00_12/source/ti/devices/msp432e4/driverlib/lib/ccs/m4f/msp432e4_driverlib.a
       sysctl.o                     1512    528       0      
       interrupt.o                  494     196       620    
       gpio.o                       1016    72        0      
       uart.o                       588     0         0      
       cpu.o                        24      0         0      
       fpu.o                        24      0         0      
    +--+----------------------------+-------+---------+---------+
       Total:                       3658    796       620    
                                                             
    C:/ti/simplelink_msp432e4_sdk_4_20_00_12/source/ti/drivers/lib/drivers_msp432e4.aem4f
       UARTMSP432E4.oem4f           2914    116       0      
       GPIOMSP432E4.oem4f           956     196       153    
       PowerMSP432E4.oem4f          372     0         364    
       UART.oem4f                   176     36        1      
       RingBuf.oem4f                198     0         0      
    +--+----------------------------+-------+---------+---------+
       Total:                       4616    348       518    
                                                             
    C:\ti\ccs1200\ccs\tools\compiler\ti-cgt-arm_20.2.7.LTS\lib\rtsv7M4_T_le_v4SPD16_eabi.lib
       _printfi.c.obj               4851    0         0      
       memory.c.obj                 672     0         8      
       fd_add_t2.asm.obj            438     0         0      
       fd_div_t2.asm.obj            310     0         0      
       s_scalbn.c.obj               272     0         0      
       fd_cmp_t2.asm.obj            268     0         0      
       ctype.c.obj                  0       257       0      
       fd_mul_t2.asm.obj            252     0         0      
       memcpy_t2.asm.obj            156     0         0      
       ull_div_t2.asm.obj           150     0         0      
       memset_t2.asm.obj            122     0         0      
       copy_decompress_lzss.c.obj   104     0         0      
       s_frexp.c.obj                100     0         0      
       sprintf.c.obj                98      0         0      
       _ltoa.c.obj                  84      0         0      
       atoi.c.obj                   76      0         0      
       fd_toi_t2.asm.obj            72      0         0      
       autoinit.c.obj               68      0         0      
       boot_cortex_m.c.obj          52      0         0      
       strstr.c.obj                 52      0         0      
       i_tofd_t2.asm.obj            46      0         0      
       copy_zero_init.c.obj         28      0         0      
       memccpy.c.obj                28      0         0      
       s_copysign.c.obj             26      0         0      
       strcmp.c.obj                 24      0         0      
       strchr.c.obj                 22      0         0      
       strcpy.c.obj                 20      0         0      
       strlen.c.obj                 20      0         0      
       wcslen.c.obj                 18      0         0      
       copy_decompress_none.c.obj   14      0         0      
       errno.c.obj                  8       0         4      
       _lock.c.obj                  2       0         8      
       exit.c.obj                   4       0         0      
       pre_init.c.obj               4       0         0      
       div0.asm.obj                 2       0         0      
    +--+----------------------------+-------+---------+---------+
       Total:                       8463    257       20     
                                                             
       Heap:                        0       0         32768  
       Stack:                       0       0         4096   
       Linker Generated:            0       305       0      
    +--+----------------------------+-------+---------+---------+
       Grand Total:                 18964   2327      38822  


LINKER GENERATED COPY TABLES

__TI_cinit_table @ 00005338 records: 3, size/record: 8, table size: 24
	.data: load addr=00005218, load size=000000fd bytes, run addr=20008270, run size=00000410 bytes, compression=lzss
	.bss: load addr=00005328, load size=00000008 bytes, run addr=20008680, run size=0000012c bytes, compression=zero_init
	.vtable: load addr=00005330, load size=00000008 bytes, run addr=20000000, run size=0000026c bytes, compression=zero_init


LINKER GENERATED HANDLER TABLE

__TI_handler_table @ 00005318 records: 3, size/record: 4, table size: 12
	index: 0, handler: __TI_zero_init
	index: 1, handler: __TI_decompress_lzss
	index: 2, handler: __TI_decompress_none


GLOBAL SYMBOLS: SORTED ALPHABETICALLY BY Name 

address   name                           
-------   ----                           
00004449  Board_init                     
00000c4f  Board_initHook                 
00004c29  C$$EXIT                        
00005211  CONFIG_GPIO_LED_0_CONST        
00005212  CONFIG_UART_0_CONST            
00004ba1  CPUcpsid                       
00004bad  CPUcpsie                       
00004bb9  ClockP_Params_init             
00004ad3  ClockP_add                     
00004001  ClockP_construct               
00004875  ClockP_create                  
20008798  ClockP_ctrl                    
00004ae3  ClockP_delete                  
00004301  ClockP_destruct                
00003b35  ClockP_doTick                  
00004af5  ClockP_getCpuFreq              
00004bc3  ClockP_isActive                
00004c15  ClockP_setTimeout              
00004479  ClockP_start                   
000043ad  ClockP_startup                 
00003de1  ClockP_stop                    
00003b35  ClockP_sysTickHandler          
20008668  ClockP_tickPeriod              
000048c5  FPUEnable                      
0000376d  GPIODirModeSet                 
000049c7  GPIOIntClear                   
00004695  GPIOIntStatus                  
0000289d  GPIOIntTypeSet                 
0000517c  GPIOMSP432E4_config            
000049dd  GPIOMSP432E4_getGpioBaseAddr   
000049f1  GPIOMSP432E4_getPowerResourceId
000044a9  GPIOMSP432E4_undoPinConfig     
00001491  GPIOPadConfigSet               
00003e25  GPIOPinConfigure               
000045df  GPIOPinTypeUART                
000046b7  GPIOPinWrite                   
00003439  GPIO_hwiIntFxn                 
000027f1  GPIO_init                      
000038dd  GPIO_setCallback               
00001a55  GPIO_setConfig                 
000039e5  GPIO_write                     
00004a55  HwiP_Params_init               
0000327d  HwiP_construct                 
00004565  HwiP_create                    
00004b05  HwiP_delete                    
00004a67  HwiP_destruct                  
00004c19  HwiP_disable                   
00004c1d  HwiP_enable                    
00004a05  HwiP_inISR                     
00004beb  HwiP_restore                   
20008678  HwiP_swiPIntNum                
00002f91  IntDisable                     
00003011  IntEnable                      
00004b15  IntMasterDisable               
00004b25  IntMasterEnable                
00003a39  IntPrioritySet                 
000037c9  IntRegister                    
000047b1  IntUnregister                  
00004c1d  NoRTOS_start                   
000051e8  PowerMSP432E4_config           
200084dc  PowerMSP432E4_module           
00004b35  PowerMSP432E4_sleepPolicy      
00004a19  Power_disablePolicy            
00004b45  Power_enablePolicy             
000048dd  Power_idleFunc                 
00003641  Power_init                     
000033cd  Power_releaseDependency        
000034a1  Power_setDependency            
00004a79  RingBuf_construct              
00004041  RingBuf_get                    
00004b85  RingBuf_isFull                 
000046d7  RingBuf_peek                   
00003d99  RingBuf_put                    
00004b55  SemaphoreP_Params_init         
00003b85  SemaphoreP_construct           
00004985  SemaphoreP_create              
0000488f  SemaphoreP_createBinary        
20008658  SemaphoreP_defaultParams       
00004c21  SemaphoreP_delete              
00002941  SemaphoreP_pend                
00003e69  SemaphoreP_post                
00000f41  SysCtlClockFreqSet             
00004539  SysCtlPeripheralClockGating    
00004081  SysCtlPeripheralDisable        
000040c1  SysCtlPeripheralEnable         
00004101  SysCtlPeripheralPowerOff       
00004141  SysCtlPeripheralPowerOn        
00003ead  SysCtlPeripheralPresent        
00003ef1  SysCtlPeripheralReady          
00004181  SysCtlPeripheralSleepDisable   
000041c1  SysCtlPeripheralSleepEnable    
00004739  UARTBusy                       
0000499b  UARTCharGet                    
000047cd  UARTCharGetNonBlocking         
00004757  UARTCharPut                    
00004629  UARTCharPutNonBlocking         
00004775  UARTCharsAvail                 
00003207  UARTConfigSetExpClk            
000044d9  UARTDisable                    
0000464d  UARTEnable                     
000048f5  UARTFIFOLevelSet               
000047e9  UARTFlowControlSet             
00004a8b  UARTIntClear                   
0000490d  UARTIntDisable                 
00004925  UARTIntEnable                  
00004793  UARTIntStatus                  
00002465  UARTMSP432E4_close             
00002cdd  UARTMSP432E4_control           
000050b0  UARTMSP432E4_fxnTable          
000016cb  UARTMSP432E4_init              
00000c51  UARTMSP432E4_open              
00004201  UARTMSP432E4_read              
00004375  UARTMSP432E4_readCancel        
000029e1  UARTMSP432E4_readPolling       
00002b1b  UARTMSP432E4_write             
00003d09  UARTMSP432E4_writeCancel       
00003c25  UARTMSP432E4_writePolling      
00004b65  UARTRxErrorClear               
00004a9d  UARTRxErrorGet                 
00004805  UARTTxIntModeSet               
0000493d  UART_Params_init               
000051dc  UART_config                    
00005213  UART_count                     
00005100  UART_defaultParams             
00003f35  UART_init                      
00004241  UART_open                      
00004bcd  UART_read                      
00004bd7  UART_write                     
20040000  __STACK_END                    
00001000  __STACK_SIZE                   
00008000  __SYSMEM_SIZE                  
00005338  __TI_CINIT_Base                
00005350  __TI_CINIT_Limit               
00005318  __TI_Handler_Table_Base        
00005324  __TI_Handler_Table_Limit       
00003fbd  __TI_auto_init_nobinit_nopinit 
00003509  __TI_decompress_lzss           
00004b93  __TI_decompress_none           
00003a8d  __TI_ltoa                      
ffffffff  __TI_pprof_out_hndl            
00000201  __TI_printfi                   
ffffffff  __TI_prof_data_size            
ffffffff  __TI_prof_data_start           
00005218  __TI_static_base__             
00004821  __TI_zero_init_nomemset        
00002e85  __aeabi_cdcmpeq                
00002e85  __aeabi_cdcmple                
00002f0b  __aeabi_cdrcmple               
00003d51  __aeabi_d2iz                   
000018a7  __aeabi_dadd                   
00001d15  __aeabi_ddiv                   
00002285  __aeabi_dmul                   
0000189d  __aeabi_dsub                   
00004bf5  __aeabi_errno_addr             
00004509  __aeabi_i2d                    
00003b33  __aeabi_idiv0                  
00003b33  __aeabi_ldiv0                  
0000318d  __aeabi_memclr                 
0000318d  __aeabi_memclr4                
0000318d  __aeabi_memclr8                
00002a7f  __aeabi_memcpy                 
00002a7f  __aeabi_memcpy4                
00002a7f  __aeabi_memcpy8                
0000318f  __aeabi_memset                 
0000318f  __aeabi_memset4                
0000318f  __aeabi_memset8                
00002bb3  __aeabi_uldivmod               
ffffffff  __binit__                      
ffffffff  __c_args__                     
UNDEFED   __mpu_init                     
2003f000  __stack                        
20000000  __start___llvm_prf_cnts        
20000000  __stop___llvm_prf_cnts         
000043e1  _c_int00_noargs                
00004ddc  _ctypes_                       
20008648  _lock                          
00001e4b  _nop                           
20000270  _sys_memory                    
UNDEFED   _system_post_cinit             
00004c25  _system_pre_init               
2000864c  _unlock                        
00004c29  abort                          
00002185  aligned_alloc                  
000045b9  append                         
00003c71  atoi                           
ffffffff  binit                          
000035d9  check_command                  
000027ef  clkFxn                         
000048a9  copysign                       
000048a9  copysignl                      
2000867c  errno                          
00002381  free                           
000036a5  frexp                          
000036a5  frexpl                         
20000000  g_pfnRAMVectors                
20008670  gpioCallbackFunctions          
20008674  gpioPinConfigs                 
00001f71  ldexp                          
00001f71  ldexpl                         
00004aaf  main                           
00002081  mainThread                     
00004bfd  malloc                         
00002185  memalign                       
00004859  memccpy                        
00002a7f  memcpy                         
00003195  memset                         
00003091  printAbout                     
000025d9  printHelp                      
00003881  printString                    
00004719  resetISR                       
00000000  resetVectors                   
00001f71  scalbn                         
00001f71  scalbnl                        
00004671  setParams                      
00004281  sprintf                        
000049b1  strchr                         
0000496d  strcmp                         
00004a2d  strcpy                         
00004a41  strlen                         
00004415  strstr                         
20008710  uartMSP432E4Objects            
00004ac1  wcslen                         


GLOBAL SYMBOLS: SORTED BY Symbol Address 

address   name                           
-------   ----                           
00000000  resetVectors                   
00000201  __TI_printfi                   
00000c4f  Board_initHook                 
00000c51  UARTMSP432E4_open              
00000f41  SysCtlClockFreqSet             
00001000  __STACK_SIZE                   
00001491  GPIOPadConfigSet               
000016cb  UARTMSP432E4_init              
0000189d  __aeabi_dsub                   
000018a7  __aeabi_dadd                   
00001a55  GPIO_setConfig                 
00001d15  __aeabi_ddiv                   
00001e4b  _nop                           
00001f71  ldexp                          
00001f71  ldexpl                         
00001f71  scalbn                         
00001f71  scalbnl                        
00002081  mainThread                     
00002185  aligned_alloc                  
00002185  memalign                       
00002285  __aeabi_dmul                   
00002381  free                           
00002465  UARTMSP432E4_close             
000025d9  printHelp                      
000027ef  clkFxn                         
000027f1  GPIO_init                      
0000289d  GPIOIntTypeSet                 
00002941  SemaphoreP_pend                
000029e1  UARTMSP432E4_readPolling       
00002a7f  __aeabi_memcpy                 
00002a7f  __aeabi_memcpy4                
00002a7f  __aeabi_memcpy8                
00002a7f  memcpy                         
00002b1b  UARTMSP432E4_write             
00002bb3  __aeabi_uldivmod               
00002cdd  UARTMSP432E4_control           
00002e85  __aeabi_cdcmpeq                
00002e85  __aeabi_cdcmple                
00002f0b  __aeabi_cdrcmple               
00002f91  IntDisable                     
00003011  IntEnable                      
00003091  printAbout                     
0000318d  __aeabi_memclr                 
0000318d  __aeabi_memclr4                
0000318d  __aeabi_memclr8                
0000318f  __aeabi_memset                 
0000318f  __aeabi_memset4                
0000318f  __aeabi_memset8                
00003195  memset                         
00003207  UARTConfigSetExpClk            
0000327d  HwiP_construct                 
000033cd  Power_releaseDependency        
00003439  GPIO_hwiIntFxn                 
000034a1  Power_setDependency            
00003509  __TI_decompress_lzss           
000035d9  check_command                  
00003641  Power_init                     
000036a5  frexp                          
000036a5  frexpl                         
0000376d  GPIODirModeSet                 
000037c9  IntRegister                    
00003881  printString                    
000038dd  GPIO_setCallback               
000039e5  GPIO_write                     
00003a39  IntPrioritySet                 
00003a8d  __TI_ltoa                      
00003b33  __aeabi_idiv0                  
00003b33  __aeabi_ldiv0                  
00003b35  ClockP_doTick                  
00003b35  ClockP_sysTickHandler          
00003b85  SemaphoreP_construct           
00003c25  UARTMSP432E4_writePolling      
00003c71  atoi                           
00003d09  UARTMSP432E4_writeCancel       
00003d51  __aeabi_d2iz                   
00003d99  RingBuf_put                    
00003de1  ClockP_stop                    
00003e25  GPIOPinConfigure               
00003e69  SemaphoreP_post                
00003ead  SysCtlPeripheralPresent        
00003ef1  SysCtlPeripheralReady          
00003f35  UART_init                      
00003fbd  __TI_auto_init_nobinit_nopinit 
00004001  ClockP_construct               
00004041  RingBuf_get                    
00004081  SysCtlPeripheralDisable        
000040c1  SysCtlPeripheralEnable         
00004101  SysCtlPeripheralPowerOff       
00004141  SysCtlPeripheralPowerOn        
00004181  SysCtlPeripheralSleepDisable   
000041c1  SysCtlPeripheralSleepEnable    
00004201  UARTMSP432E4_read              
00004241  UART_open                      
00004281  sprintf                        
00004301  ClockP_destruct                
00004375  UARTMSP432E4_readCancel        
000043ad  ClockP_startup                 
000043e1  _c_int00_noargs                
00004415  strstr                         
00004449  Board_init                     
00004479  ClockP_start                   
000044a9  GPIOMSP432E4_undoPinConfig     
000044d9  UARTDisable                    
00004509  __aeabi_i2d                    
00004539  SysCtlPeripheralClockGating    
00004565  HwiP_create                    
000045b9  append                         
000045df  GPIOPinTypeUART                
00004629  UARTCharPutNonBlocking         
0000464d  UARTEnable                     
00004671  setParams                      
00004695  GPIOIntStatus                  
000046b7  GPIOPinWrite                   
000046d7  RingBuf_peek                   
00004719  resetISR                       
00004739  UARTBusy                       
00004757  UARTCharPut                    
00004775  UARTCharsAvail                 
00004793  UARTIntStatus                  
000047b1  IntUnregister                  
000047cd  UARTCharGetNonBlocking         
000047e9  UARTFlowControlSet             
00004805  UARTTxIntModeSet               
00004821  __TI_zero_init_nomemset        
00004859  memccpy                        
00004875  ClockP_create                  
0000488f  SemaphoreP_createBinary        
000048a9  copysign                       
000048a9  copysignl                      
000048c5  FPUEnable                      
000048dd  Power_idleFunc                 
000048f5  UARTFIFOLevelSet               
0000490d  UARTIntDisable                 
00004925  UARTIntEnable                  
0000493d  UART_Params_init               
0000496d  strcmp                         
00004985  SemaphoreP_create              
0000499b  UARTCharGet                    
000049b1  strchr                         
000049c7  GPIOIntClear                   
000049dd  GPIOMSP432E4_getGpioBaseAddr   
000049f1  GPIOMSP432E4_getPowerResourceId
00004a05  HwiP_inISR                     
00004a19  Power_disablePolicy            
00004a2d  strcpy                         
00004a41  strlen                         
00004a55  HwiP_Params_init               
00004a67  HwiP_destruct                  
00004a79  RingBuf_construct              
00004a8b  UARTIntClear                   
00004a9d  UARTRxErrorGet                 
00004aaf  main                           
00004ac1  wcslen                         
00004ad3  ClockP_add                     
00004ae3  ClockP_delete                  
00004af5  ClockP_getCpuFreq              
00004b05  HwiP_delete                    
00004b15  IntMasterDisable               
00004b25  IntMasterEnable                
00004b35  PowerMSP432E4_sleepPolicy      
00004b45  Power_enablePolicy             
00004b55  SemaphoreP_Params_init         
00004b65  UARTRxErrorClear               
00004b85  RingBuf_isFull                 
00004b93  __TI_decompress_none           
00004ba1  CPUcpsid                       
00004bad  CPUcpsie                       
00004bb9  ClockP_Params_init             
00004bc3  ClockP_isActive                
00004bcd  UART_read                      
00004bd7  UART_write                     
00004beb  HwiP_restore                   
00004bf5  __aeabi_errno_addr             
00004bfd  malloc                         
00004c15  ClockP_setTimeout              
00004c19  HwiP_disable                   
00004c1d  HwiP_enable                    
00004c1d  NoRTOS_start                   
00004c21  SemaphoreP_delete              
00004c25  _system_pre_init               
00004c29  C$$EXIT                        
00004c29  abort                          
00004ddc  _ctypes_                       
000050b0  UARTMSP432E4_fxnTable          
00005100  UART_defaultParams             
0000517c  GPIOMSP432E4_config            
000051dc  UART_config                    
000051e8  PowerMSP432E4_config           
00005211  CONFIG_GPIO_LED_0_CONST        
00005212  CONFIG_UART_0_CONST            
00005213  UART_count                     
00005218  __TI_static_base__             
00005318  __TI_Handler_Table_Base        
00005324  __TI_Handler_Table_Limit       
00005338  __TI_CINIT_Base                
00005350  __TI_CINIT_Limit               
00008000  __SYSMEM_SIZE                  
20000000  __start___llvm_prf_cnts        
20000000  __stop___llvm_prf_cnts         
20000000  g_pfnRAMVectors                
20000270  _sys_memory                    
200084dc  PowerMSP432E4_module           
20008648  _lock                          
2000864c  _unlock                        
20008658  SemaphoreP_defaultParams       
20008668  ClockP_tickPeriod              
20008670  gpioCallbackFunctions          
20008674  gpioPinConfigs                 
20008678  HwiP_swiPIntNum                
2000867c  errno                          
20008710  uartMSP432E4Objects            
20008798  ClockP_ctrl                    
2003f000  __stack                        
20040000  __STACK_END                    
ffffffff  __TI_pprof_out_hndl            
ffffffff  __TI_prof_data_size            
ffffffff  __TI_prof_data_start           
ffffffff  __binit__                      
ffffffff  __c_args__                     
ffffffff  binit                          
UNDEFED   __mpu_init                     
UNDEFED   _system_post_cinit             

[222 symbols]
